Validated, rendered and masking/generation checked: 01_single_box_air_sea_CO2.ipynb
Validated, rendered and masking/generation checked: 02_two_layer_ocean_carbon_pump.ipynb
C:\Users\19279\.conda\envs\ESBMTK314\Lib\site-packages\zmq\_future.py:718: RuntimeWarning: Proactor event loop does not implement add_reader family of methods required for zmq. Registering an additional selector thread for add_reader support via tornado. Use `asyncio.set_event_loop_policy(WindowsSelectorEventLoopPolicy())` to avoid this warning.
  self._get_loop()
[IPKernelApp] WARNING | Could not set permissions on C:\Users\19279\.ipython\profile_default\security
[IPKernelApp] WARNING | Could not set permissions on C:\Users\19279\.ipython\profile_default\pid
[IPKernelApp] WARNING | Could not set permissions on C:\Users\19279\.ipython\profile_default\security
[IPKernelApp] WARNING | Could not set permissions on C:\Users\19279\.ipython\profile_default\pid
[IPKernelApp] WARNING | Kernel is running over TCP without encryption. All communication (including code and outputs) is sent in plain text and is susceptible to eavesdropping. Use IPC transport or launch with kernel manager-provisioned CurveZMQ keys to enable transport encryption.
[IPKernelApp] ERROR | Failed to create history session in C:\Users\19279\.ipython\profile_default\history.sqlite. History will not be saved.
Traceback (most recent call last):
  File "C:\Users\19279\.conda\envs\ESBMTK314\Lib\site-packages\IPython\core\history.py", line 791, in __init__
    self.new_session()
    ~~~~~~~~~~~~~~~~^^
  File "C:\Users\19279\.conda\envs\ESBMTK314\Lib\site-packages\IPython\core\history.py", line 163, in wrapper
    return f(*a, **kw)
  File "C:\Users\19279\.conda\envs\ESBMTK314\Lib\site-packages\IPython\core\history.py", line 881, in new_session
    cur = conn.execute(
        """INSERT INTO sessions VALUES (NULL, ?, NULL,
                    NULL, '') """,
        (datetime.datetime.now().isoformat(" "),),
    )
sqlite3.OperationalError: attempt to write a readonly database
03 Jupyter kernel execution passed
Validated, rendered and masking/generation checked: 03_boudreau_three_box_model.ipynb
Validated, rendered and masking/generation checked: 04_pump_strength_OA_OAE.ipynb
Local pCO2: reference, POC, formation, dissolution (µatm): [286.9845 261.812  303.7307 271.9572]
Pressure: 5.0 bar = 50.0 dbar
Protected data/archive/00 hashes unchanged: 112
