Defaulting to user installation because normal site-packages is not writeable
Collecting esbmtk==0.14.3.1.post0 (from -r tmp/anaconda_setup/requirements.txt (line 1))
  Using cached esbmtk-0.14.3.1.post0-py3-none-any.whl.metadata (4.3 kB)
Collecting PyCO2SYS==1.8.3.4 (from -r tmp/anaconda_setup/requirements.txt (line 2))
  Using cached PyCO2SYS-1.8.3.4-py3-none-any.whl.metadata (6.4 kB)
Collecting numpy (from -r tmp/anaconda_setup/requirements.txt (line 3))
  Downloading numpy-2.5.3-cp314-cp314-win_amd64.whl.metadata (6.6 kB)
Collecting scipy (from -r tmp/anaconda_setup/requirements.txt (line 4))
  Using cached scipy-1.18.1-cp314-cp314-win_amd64.whl.metadata (61 kB)
Collecting matplotlib (from -r tmp/anaconda_setup/requirements.txt (line 5))
  Downloading matplotlib-3.11.2-cp314-cp314-win_amd64.whl.metadata (80 kB)
Collecting pandas (from -r tmp/anaconda_setup/requirements.txt (line 6))
  Downloading pandas-3.0.6-cp314-cp314-win_amd64.whl.metadata (19 kB)
Collecting gsw (from -r tmp/anaconda_setup/requirements.txt (line 7))
  Downloading gsw-3.6.23-cp311-abi3-win_amd64.whl.metadata (7.1 kB)
Collecting openpyxl<4,>=3.1 (from -r tmp/anaconda_setup/requirements.txt (line 8))
  Using cached openpyxl-3.1.5-py2.py3-none-any.whl.metadata (2.5 kB)
Collecting jupyterlab (from -r tmp/anaconda_setup/requirements.txt (line 9))
  Downloading jupyterlab-4.6.3-py3-none-any.whl.metadata (16 kB)
Collecting ipykernel (from -r tmp/anaconda_setup/requirements.txt (line 10))
  Downloading ipykernel-7.3.0-py3-none-any.whl.metadata (4.5 kB)
Collecting numba (from esbmtk==0.14.3.1.post0->-r tmp/anaconda_setup/requirements.txt (line 1))
  Using cached numba-0.67.0-cp314-cp314-win_amd64.whl.metadata (2.8 kB)
Collecting pint (from esbmtk==0.14.3.1.post0->-r tmp/anaconda_setup/requirements.txt (line 1))
  Downloading pint-0.26.1-py3-none-any.whl.metadata (10 kB)
Collecting psutil (from esbmtk==0.14.3.1.post0->-r tmp/anaconda_setup/requirements.txt (line 1))
  Downloading psutil-7.2.2-cp37-abi3-win_amd64.whl.metadata (22 kB)
Collecting cachetools (from esbmtk==0.14.3.1.post0->-r tmp/anaconda_setup/requirements.txt (line 1))
  Downloading cachetools-7.2.0-py3-none-any.whl.metadata (5.5 kB)
Collecting setuptools (from esbmtk==0.14.3.1.post0->-r tmp/anaconda_setup/requirements.txt (line 1))
  Using cached setuptools-84.0.0-py3-none-any.whl.metadata (6.6 kB)
Collecting importlib-metadata (from esbmtk==0.14.3.1.post0->-r tmp/anaconda_setup/requirements.txt (line 1))
  Downloading importlib_metadata-9.0.1-py3-none-any.whl.metadata (4.5 kB)
Collecting autograd (from PyCO2SYS==1.8.3.4->-r tmp/anaconda_setup/requirements.txt (line 2))
  Using cached autograd-1.9.1-py3-none-any.whl.metadata (6.1 kB)
Collecting et-xmlfile (from openpyxl<4,>=3.1->-r tmp/anaconda_setup/requirements.txt (line 8))
  Using cached et_xmlfile-2.0.0-py3-none-any.whl.metadata (2.7 kB)
Collecting contourpy>=1.0.1 (from matplotlib->-r tmp/anaconda_setup/requirements.txt (line 5))
  Downloading contourpy-1.4.0-cp314-cp314-win_amd64.whl.metadata (3.8 kB)
Collecting cycler>=0.10 (from matplotlib->-r tmp/anaconda_setup/requirements.txt (line 5))
  Using cached cycler-0.12.1-py3-none-any.whl.metadata (3.8 kB)
Collecting fonttools>=4.28.2 (from matplotlib->-r tmp/anaconda_setup/requirements.txt (line 5))
  Downloading fonttools-4.65.0-cp314-cp314-win_amd64.whl.metadata (127 kB)
Collecting kiwisolver>=1.3.1 (from matplotlib->-r tmp/anaconda_setup/requirements.txt (line 5))
  Using cached kiwisolver-1.5.1-cp314-cp314-win_amd64.whl.metadata (5.2 kB)
Collecting packaging>=20.0 (from matplotlib->-r tmp/anaconda_setup/requirements.txt (line 5))
  Downloading packaging-26.3-py3-none-any.whl.metadata (3.5 kB)
Collecting pillow>=9 (from matplotlib->-r tmp/anaconda_setup/requirements.txt (line 5))
  Using cached pillow-12.3.0-cp314-cp314-win_amd64.whl.metadata (9.3 kB)
Collecting pyparsing>=3 (from matplotlib->-r tmp/anaconda_setup/requirements.txt (line 5))
  Downloading pyparsing-3.3.3-py3-none-any.whl.metadata (5.9 kB)
Collecting python-dateutil>=2.7 (from matplotlib->-r tmp/anaconda_setup/requirements.txt (line 5))
  Downloading python_dateutil-2.9.0.post0-py2.py3-none-any.whl.metadata (8.4 kB)
Collecting tzdata (from pandas->-r tmp/anaconda_setup/requirements.txt (line 6))
  Downloading tzdata-2026.4-py2.py3-none-any.whl.metadata (1.4 kB)
Collecting async-lru>=1.0.0 (from jupyterlab->-r tmp/anaconda_setup/requirements.txt (line 9))
  Downloading async_lru-2.3.0-py3-none-any.whl.metadata (7.6 kB)
Collecting httpx<1,>=0.25.0 (from jupyterlab->-r tmp/anaconda_setup/requirements.txt (line 9))
  Downloading httpx-0.28.1-py3-none-any.whl.metadata (7.1 kB)
Collecting jinja2>=3.0.3 (from jupyterlab->-r tmp/anaconda_setup/requirements.txt (line 9))
  Downloading jinja2-3.1.6-py3-none-any.whl.metadata (2.9 kB)
Collecting jupyter-builder>=1.0.2 (from jupyterlab->-r tmp/anaconda_setup/requirements.txt (line 9))
  Downloading jupyter_builder-1.2.3-py3-none-any.whl.metadata (7.8 kB)
Collecting jupyter-core (from jupyterlab->-r tmp/anaconda_setup/requirements.txt (line 9))
  Downloading jupyter_core-5.9.1-py3-none-any.whl.metadata (1.5 kB)
Collecting jupyter-lsp>=2.0.0 (from jupyterlab->-r tmp/anaconda_setup/requirements.txt (line 9))
  Downloading jupyter_lsp-2.3.1-py3-none-any.whl.metadata (1.8 kB)
Collecting jupyter-server<3,>=2.19.0 (from jupyterlab->-r tmp/anaconda_setup/requirements.txt (line 9))
  Downloading jupyter_server-2.21.1-py3-none-any.whl.metadata (8.5 kB)
Collecting jupyterlab-server<3,>=2.28.0 (from jupyterlab->-r tmp/anaconda_setup/requirements.txt (line 9))
  Downloading jupyterlab_server-2.28.1-py3-none-any.whl.metadata (5.8 kB)
Collecting notebook-shim>=0.2 (from jupyterlab->-r tmp/anaconda_setup/requirements.txt (line 9))
  Downloading notebook_shim-0.2.4-py3-none-any.whl.metadata (4.0 kB)
Collecting tornado>=6.2.0 (from jupyterlab->-r tmp/anaconda_setup/requirements.txt (line 9))
  Downloading tornado-6.5.10-cp39-abi3-win_amd64.whl.metadata (2.9 kB)
Collecting traitlets (from jupyterlab->-r tmp/anaconda_setup/requirements.txt (line 9))
  Downloading traitlets-5.16.1-py3-none-any.whl.metadata (10 kB)
Collecting anyio (from httpx<1,>=0.25.0->jupyterlab->-r tmp/anaconda_setup/requirements.txt (line 9))
  Downloading anyio-4.15.1-py3-none-any.whl.metadata (4.7 kB)
Collecting certifi (from httpx<1,>=0.25.0->jupyterlab->-r tmp/anaconda_setup/requirements.txt (line 9))
  Downloading certifi-2026.7.22-py3-none-any.whl.metadata (2.5 kB)
Collecting httpcore==1.* (from httpx<1,>=0.25.0->jupyterlab->-r tmp/anaconda_setup/requirements.txt (line 9))
  Downloading httpcore-1.0.9-py3-none-any.whl.metadata (21 kB)
Collecting idna (from httpx<1,>=0.25.0->jupyterlab->-r tmp/anaconda_setup/requirements.txt (line 9))
  Downloading idna-3.20-py3-none-any.whl.metadata (7.2 kB)
Collecting h11>=0.16 (from httpcore==1.*->httpx<1,>=0.25.0->jupyterlab->-r tmp/anaconda_setup/requirements.txt (line 9))
  Downloading h11-0.16.0-py3-none-any.whl.metadata (8.3 kB)
Collecting argon2-cffi>=21.1 (from jupyter-server<3,>=2.19.0->jupyterlab->-r tmp/anaconda_setup/requirements.txt (line 9))
  Downloading argon2_cffi-25.1.0-py3-none-any.whl.metadata (4.1 kB)
Collecting jupyter-client>=7.4.4 (from jupyter-server<3,>=2.19.0->jupyterlab->-r tmp/anaconda_setup/requirements.txt (line 9))
  Downloading jupyter_client-8.10.0-py3-none-any.whl.metadata (8.5 kB)
Collecting jupyter-events>=0.11.0 (from jupyter-server<3,>=2.19.0->jupyterlab->-r tmp/anaconda_setup/requirements.txt (line 9))
  Downloading jupyter_events-0.12.1-py3-none-any.whl.metadata (5.8 kB)
Collecting jupyter-server-terminals>=0.4.4 (from jupyter-server<3,>=2.19.0->jupyterlab->-r tmp/anaconda_setup/requirements.txt (line 9))
  Downloading jupyter_server_terminals-0.5.4-py3-none-any.whl.metadata (5.9 kB)
Collecting nbconvert>=6.4.4 (from jupyter-server<3,>=2.19.0->jupyterlab->-r tmp/anaconda_setup/requirements.txt (line 9))
  Downloading nbconvert-7.17.1-py3-none-any.whl.metadata (8.4 kB)
Collecting nbformat>=5.3.0 (from jupyter-server<3,>=2.19.0->jupyterlab->-r tmp/anaconda_setup/requirements.txt (line 9))
  Downloading nbformat-5.11.1-py3-none-any.whl.metadata (3.7 kB)
Collecting prometheus-client>=0.9 (from jupyter-server<3,>=2.19.0->jupyterlab->-r tmp/anaconda_setup/requirements.txt (line 9))
  Downloading prometheus_client-0.26.0-py3-none-any.whl.metadata (2.1 kB)
Collecting pywinpty!=3.0.4,>=2.0.1 (from jupyter-server<3,>=2.19.0->jupyterlab->-r tmp/anaconda_setup/requirements.txt (line 9))
  Downloading pywinpty-3.0.5-cp314-cp314-win_amd64.whl.metadata (5.9 kB)
Collecting pyzmq>=24 (from jupyter-server<3,>=2.19.0->jupyterlab->-r tmp/anaconda_setup/requirements.txt (line 9))
  Downloading pyzmq-27.2.0-cp312-abi3-win_amd64.whl.metadata (3.8 kB)
Collecting send2trash>=1.8.2 (from jupyter-server<3,>=2.19.0->jupyterlab->-r tmp/anaconda_setup/requirements.txt (line 9))
  Downloading send2trash-2.1.0-py3-none-any.whl.metadata (4.1 kB)
Collecting terminado>=0.8.3 (from jupyter-server<3,>=2.19.0->jupyterlab->-r tmp/anaconda_setup/requirements.txt (line 9))
  Downloading terminado-0.18.1-py3-none-any.whl.metadata (5.8 kB)
Collecting websocket-client>=1.7 (from jupyter-server<3,>=2.19.0->jupyterlab->-r tmp/anaconda_setup/requirements.txt (line 9))
  Downloading websocket_client-1.9.2-py3-none-any.whl.metadata (8.3 kB)
Collecting babel>=2.10 (from jupyterlab-server<3,>=2.28.0->jupyterlab->-r tmp/anaconda_setup/requirements.txt (line 9))
  Downloading babel-2.18.0-py3-none-any.whl.metadata (2.2 kB)
Collecting json5>=0.9.0 (from jupyterlab-server<3,>=2.28.0->jupyterlab->-r tmp/anaconda_setup/requirements.txt (line 9))
  Downloading json5-0.15.0-py3-none-any.whl.metadata (37 kB)
Collecting jsonschema>=4.18.0 (from jupyterlab-server<3,>=2.28.0->jupyterlab->-r tmp/anaconda_setup/requirements.txt (line 9))
  Downloading jsonschema-4.26.0-py3-none-any.whl.metadata (7.6 kB)
Collecting requests>=2.31 (from jupyterlab-server<3,>=2.28.0->jupyterlab->-r tmp/anaconda_setup/requirements.txt (line 9))
  Downloading requests-2.34.2-py3-none-any.whl.metadata (4.8 kB)
Collecting comm>=0.1.1 (from ipykernel->-r tmp/anaconda_setup/requirements.txt (line 10))
  Downloading comm-0.2.3-py3-none-any.whl.metadata (3.7 kB)
Collecting debugpy>=1.6.5 (from ipykernel->-r tmp/anaconda_setup/requirements.txt (line 10))
  Downloading debugpy-1.8.22-cp314-cp314-win_amd64.whl.metadata (1.4 kB)
Collecting ipython>=7.23.1 (from ipykernel->-r tmp/anaconda_setup/requirements.txt (line 10))
  Downloading ipython-9.17.1-py3-none-any.whl.metadata (4.6 kB)
Collecting matplotlib-inline>=0.1 (from ipykernel->-r tmp/anaconda_setup/requirements.txt (line 10))
  Downloading matplotlib_inline-0.2.2-py3-none-any.whl.metadata (2.4 kB)
Collecting nest-asyncio2>=1.7.0 (from ipykernel->-r tmp/anaconda_setup/requirements.txt (line 10))
  Downloading nest_asyncio2-1.7.2-py3-none-any.whl.metadata (6.3 kB)
Collecting typing_extensions>=4.16.0 (from anyio->httpx<1,>=0.25.0->jupyterlab->-r tmp/anaconda_setup/requirements.txt (line 9))
  Downloading typing_extensions-4.16.0-py3-none-any.whl.metadata (3.3 kB)
Collecting argon2-cffi-bindings (from argon2-cffi>=21.1->jupyter-server<3,>=2.19.0->jupyterlab->-r tmp/anaconda_setup/requirements.txt (line 9))
  Downloading argon2_cffi_bindings-26.1.0-cp310-abi3-win_amd64.whl.metadata (7.5 kB)
Collecting colorama>=0.4.4 (from ipython>=7.23.1->ipykernel->-r tmp/anaconda_setup/requirements.txt (line 10))
  Downloading colorama-0.4.6-py2.py3-none-any.whl.metadata (17 kB)
Collecting ipython-pygments-lexers>=1.0.0 (from ipython>=7.23.1->ipykernel->-r tmp/anaconda_setup/requirements.txt (line 10))
  Downloading ipython_pygments_lexers-1.1.1-py3-none-any.whl.metadata (1.1 kB)
Collecting jedi>=0.18.2 (from ipython>=7.23.1->ipykernel->-r tmp/anaconda_setup/requirements.txt (line 10))
  Downloading jedi-0.20.0-py2.py3-none-any.whl.metadata (23 kB)
Collecting prompt_toolkit<3.1.0,>=3.0.41 (from ipython>=7.23.1->ipykernel->-r tmp/anaconda_setup/requirements.txt (line 10))
  Downloading prompt_toolkit-3.0.53-py3-none-any.whl.metadata (6.4 kB)
Collecting pygments>=2.14.0 (from ipython>=7.23.1->ipykernel->-r tmp/anaconda_setup/requirements.txt (line 10))
  Downloading pygments-2.21.0-py3-none-any.whl.metadata (2.5 kB)
Collecting stack_data>=0.6.0 (from ipython>=7.23.1->ipykernel->-r tmp/anaconda_setup/requirements.txt (line 10))
  Downloading stack_data-0.6.3-py3-none-any.whl.metadata (18 kB)
Collecting wcwidth>=0.1.4 (from prompt_toolkit<3.1.0,>=3.0.41->ipython>=7.23.1->ipykernel->-r tmp/anaconda_setup/requirements.txt (line 10))
  Downloading wcwidth-0.8.4-py3-none-any.whl.metadata (23 kB)
Collecting parso<0.9.0,>=0.8.6 (from jedi>=0.18.2->ipython>=7.23.1->ipykernel->-r tmp/anaconda_setup/requirements.txt (line 10))
  Downloading parso-0.8.7-py2.py3-none-any.whl.metadata (8.2 kB)
Collecting MarkupSafe>=2.0 (from jinja2>=3.0.3->jupyterlab->-r tmp/anaconda_setup/requirements.txt (line 9))
  Downloading markupsafe-3.0.3-cp314-cp314-win_amd64.whl.metadata (2.8 kB)
Collecting attrs>=22.2.0 (from jsonschema>=4.18.0->jupyterlab-server<3,>=2.28.0->jupyterlab->-r tmp/anaconda_setup/requirements.txt (line 9))
  Downloading attrs-26.1.0-py3-none-any.whl.metadata (8.8 kB)
Collecting jsonschema-specifications>=2023.03.6 (from jsonschema>=4.18.0->jupyterlab-server<3,>=2.28.0->jupyterlab->-r tmp/anaconda_setup/requirements.txt (line 9))
  Downloading jsonschema_specifications-2025.9.1-py3-none-any.whl.metadata (2.9 kB)
Collecting referencing>=0.28.4 (from jsonschema>=4.18.0->jupyterlab-server<3,>=2.28.0->jupyterlab->-r tmp/anaconda_setup/requirements.txt (line 9))
  Downloading referencing-0.37.0-py3-none-any.whl.metadata (2.8 kB)
Collecting rpds-py>=0.25.0 (from jsonschema>=4.18.0->jupyterlab-server<3,>=2.28.0->jupyterlab->-r tmp/anaconda_setup/requirements.txt (line 9))
  Downloading rpds_py-2026.6.3-cp314-cp314-win_amd64.whl.metadata (4.2 kB)
Collecting platformdirs>=2.5 (from jupyter-core->jupyterlab->-r tmp/anaconda_setup/requirements.txt (line 9))
  Downloading platformdirs-4.11.11-py3-none-any.whl.metadata (5.5 kB)
Collecting python-json-logger>=2.0.4 (from jupyter-events>=0.11.0->jupyter-server<3,>=2.19.0->jupyterlab->-r tmp/anaconda_setup/requirements.txt (line 9))
  Downloading python_json_logger-4.2.0-py3-none-any.whl.metadata (2.9 kB)
Collecting pyyaml>=5.3 (from jupyter-events>=0.11.0->jupyter-server<3,>=2.19.0->jupyterlab->-r tmp/anaconda_setup/requirements.txt (line 9))
  Downloading pyyaml-6.0.3-cp314-cp314-win_amd64.whl.metadata (2.4 kB)
Collecting rfc3339-validator (from jupyter-events>=0.11.0->jupyter-server<3,>=2.19.0->jupyterlab->-r tmp/anaconda_setup/requirements.txt (line 9))
  Downloading rfc3339_validator-0.1.4-py2.py3-none-any.whl.metadata (1.5 kB)
Collecting rfc3986-validator>=0.1.1 (from jupyter-events>=0.11.0->jupyter-server<3,>=2.19.0->jupyterlab->-r tmp/anaconda_setup/requirements.txt (line 9))
  Downloading rfc3986_validator-0.1.1-py2.py3-none-any.whl.metadata (1.7 kB)
Collecting fqdn (from jsonschema[format-nongpl]>=4.18.0->jupyter-events>=0.11.0->jupyter-server<3,>=2.19.0->jupyterlab->-r tmp/anaconda_setup/requirements.txt (line 9))
  Downloading fqdn-1.5.1-py3-none-any.whl.metadata (1.4 kB)
Collecting isoduration (from jsonschema[format-nongpl]>=4.18.0->jupyter-events>=0.11.0->jupyter-server<3,>=2.19.0->jupyterlab->-r tmp/anaconda_setup/requirements.txt (line 9))
  Downloading isoduration-20.11.0-py3-none-any.whl.metadata (5.7 kB)
Collecting jsonpointer>1.13 (from jsonschema[format-nongpl]>=4.18.0->jupyter-events>=0.11.0->jupyter-server<3,>=2.19.0->jupyterlab->-r tmp/anaconda_setup/requirements.txt (line 9))
  Downloading jsonpointer-3.1.1-py3-none-any.whl.metadata (2.4 kB)
Collecting rfc3987-syntax>=1.1.0 (from jsonschema[format-nongpl]>=4.18.0->jupyter-events>=0.11.0->jupyter-server<3,>=2.19.0->jupyterlab->-r tmp/anaconda_setup/requirements.txt (line 9))
  Downloading rfc3987_syntax-1.1.0-py3-none-any.whl.metadata (7.7 kB)
Collecting uri-template (from jsonschema[format-nongpl]>=4.18.0->jupyter-events>=0.11.0->jupyter-server<3,>=2.19.0->jupyterlab->-r tmp/anaconda_setup/requirements.txt (line 9))
  Downloading uri_template-1.3.0-py3-none-any.whl.metadata (8.8 kB)
Collecting webcolors>=24.6.0 (from jsonschema[format-nongpl]>=4.18.0->jupyter-events>=0.11.0->jupyter-server<3,>=2.19.0->jupyterlab->-r tmp/anaconda_setup/requirements.txt (line 9))
  Downloading webcolors-25.10.0-py3-none-any.whl.metadata (2.2 kB)
Collecting beautifulsoup4 (from nbconvert>=6.4.4->jupyter-server<3,>=2.19.0->jupyterlab->-r tmp/anaconda_setup/requirements.txt (line 9))
  Downloading beautifulsoup4-4.15.0-py3-none-any.whl.metadata (3.8 kB)
Collecting bleach!=5.0.0 (from bleach[css]!=5.0.0->nbconvert>=6.4.4->jupyter-server<3,>=2.19.0->jupyterlab->-r tmp/anaconda_setup/requirements.txt (line 9))
  Downloading bleach-6.4.0-py3-none-any.whl.metadata (32 kB)
Collecting defusedxml (from nbconvert>=6.4.4->jupyter-server<3,>=2.19.0->jupyterlab->-r tmp/anaconda_setup/requirements.txt (line 9))
  Downloading defusedxml-0.7.1-py2.py3-none-any.whl.metadata (32 kB)
Collecting jupyterlab-pygments (from nbconvert>=6.4.4->jupyter-server<3,>=2.19.0->jupyterlab->-r tmp/anaconda_setup/requirements.txt (line 9))
  Downloading jupyterlab_pygments-0.3.0-py3-none-any.whl.metadata (4.4 kB)
Collecting mistune<4,>=2.0.3 (from nbconvert>=6.4.4->jupyter-server<3,>=2.19.0->jupyterlab->-r tmp/anaconda_setup/requirements.txt (line 9))
  Downloading mistune-3.3.4-py3-none-any.whl.metadata (1.9 kB)
Collecting nbclient>=0.5.0 (from nbconvert>=6.4.4->jupyter-server<3,>=2.19.0->jupyterlab->-r tmp/anaconda_setup/requirements.txt (line 9))
  Downloading nbclient-0.11.0-py3-none-any.whl.metadata (7.3 kB)
Collecting pandocfilters>=1.4.1 (from nbconvert>=6.4.4->jupyter-server<3,>=2.19.0->jupyterlab->-r tmp/anaconda_setup/requirements.txt (line 9))
  Downloading pandocfilters-1.5.1-py2.py3-none-any.whl.metadata (9.0 kB)
Collecting webencodings (from bleach!=5.0.0->bleach[css]!=5.0.0->nbconvert>=6.4.4->jupyter-server<3,>=2.19.0->jupyterlab->-r tmp/anaconda_setup/requirements.txt (line 9))
  Downloading webencodings-0.6.1-py3-none-any.whl.metadata (3.4 kB)
Collecting tinycss2>=1.1.0 (from bleach[css]!=5.0.0->nbconvert>=6.4.4->jupyter-server<3,>=2.19.0->jupyterlab->-r tmp/anaconda_setup/requirements.txt (line 9))
  Using cached tinycss2-1.5.1-py3-none-any.whl.metadata (3.0 kB)
Collecting fastjsonschema>=2.15 (from nbformat>=5.3.0->jupyter-server<3,>=2.19.0->jupyterlab->-r tmp/anaconda_setup/requirements.txt (line 9))
  Downloading fastjsonschema-2.22.2-py3-none-any.whl.metadata (2.1 kB)
Collecting six>=1.5 (from python-dateutil>=2.7->matplotlib->-r tmp/anaconda_setup/requirements.txt (line 5))
  Downloading six-1.17.0-py2.py3-none-any.whl.metadata (1.7 kB)
Collecting charset_normalizer<4,>=2 (from requests>=2.31->jupyterlab-server<3,>=2.28.0->jupyterlab->-r tmp/anaconda_setup/requirements.txt (line 9))
  Downloading charset_normalizer-3.5.1-cp314-cp314-win_amd64.whl.metadata (46 kB)
Collecting urllib3<3,>=1.26 (from requests>=2.31->jupyterlab-server<3,>=2.28.0->jupyterlab->-r tmp/anaconda_setup/requirements.txt (line 9))
  Downloading urllib3-2.8.0-py3-none-any.whl.metadata (7.4 kB)
Collecting lark>=1.2.2 (from rfc3987-syntax>=1.1.0->jsonschema[format-nongpl]>=4.18.0->jupyter-events>=0.11.0->jupyter-server<3,>=2.19.0->jupyterlab->-r tmp/anaconda_setup/requirements.txt (line 9))
  Downloading lark-1.3.1-py3-none-any.whl.metadata (1.8 kB)
Collecting executing>=1.2.0 (from stack_data>=0.6.0->ipython>=7.23.1->ipykernel->-r tmp/anaconda_setup/requirements.txt (line 10))
  Downloading executing-2.2.1-py2.py3-none-any.whl.metadata (8.9 kB)
Collecting asttokens>=2.1.0 (from stack_data>=0.6.0->ipython>=7.23.1->ipykernel->-r tmp/anaconda_setup/requirements.txt (line 10))
  Downloading asttokens-3.0.2-py3-none-any.whl.metadata (5.7 kB)
Collecting pure-eval (from stack_data>=0.6.0->ipython>=7.23.1->ipykernel->-r tmp/anaconda_setup/requirements.txt (line 10))
  Downloading pure_eval-0.2.4-py3-none-any.whl.metadata (6.4 kB)
Collecting cffi>=2 (from argon2-cffi-bindings->argon2-cffi>=21.1->jupyter-server<3,>=2.19.0->jupyterlab->-r tmp/anaconda_setup/requirements.txt (line 9))
  Downloading cffi-2.1.1-cp314-cp314-win_amd64.whl.metadata (2.6 kB)
Collecting pycparser (from cffi>=2->argon2-cffi-bindings->argon2-cffi>=21.1->jupyter-server<3,>=2.19.0->jupyterlab->-r tmp/anaconda_setup/requirements.txt (line 9))
  Downloading pycparser-3.0-py3-none-any.whl.metadata (8.2 kB)
Collecting soupsieve>=1.6.1 (from beautifulsoup4->nbconvert>=6.4.4->jupyter-server<3,>=2.19.0->jupyterlab->-r tmp/anaconda_setup/requirements.txt (line 9))
  Downloading soupsieve-2.9.2-py3-none-any.whl.metadata (4.6 kB)
Collecting zipp>=3.20 (from importlib-metadata->esbmtk==0.14.3.1.post0->-r tmp/anaconda_setup/requirements.txt (line 1))
  Downloading zipp-4.1.0-py3-none-any.whl.metadata (3.6 kB)
Collecting arrow>=0.15.0 (from isoduration->jsonschema[format-nongpl]>=4.18.0->jupyter-events>=0.11.0->jupyter-server<3,>=2.19.0->jupyterlab->-r tmp/anaconda_setup/requirements.txt (line 9))
  Downloading arrow-1.4.0-py3-none-any.whl.metadata (7.7 kB)
Collecting llvmlite<0.50,>=0.49.0dev0 (from numba->esbmtk==0.14.3.1.post0->-r tmp/anaconda_setup/requirements.txt (line 1))
  Using cached llvmlite-0.49.0-cp314-cp314-win_amd64.whl.metadata (5.2 kB)
Collecting flexcache>=0.3 (from pint->esbmtk==0.14.3.1.post0->-r tmp/anaconda_setup/requirements.txt (line 1))
  Using cached flexcache-0.3-py3-none-any.whl.metadata (7.0 kB)
Collecting flexparser>=0.4 (from pint->esbmtk==0.14.3.1.post0->-r tmp/anaconda_setup/requirements.txt (line 1))
  Using cached flexparser-0.4-py3-none-any.whl.metadata (18 kB)
Would install Jinja2-3.1.6 MarkupSafe-3.0.3 Pint-0.26.1 PyCO2SYS-1.8.3.4 PyYAML-6.0.3 Pygments-2.21.0 Send2Trash-2.1.0 anyio-4.15.1 argon2-cffi-25.1.0 argon2-cffi-bindings-26.1.0 arrow-1.4.0 asttokens-3.0.2 async-lru-2.3.0 attrs-26.1.0 autograd-1.9.1 babel-2.18.0 beautifulsoup4-4.15.0 bleach-6.4.0 cachetools-7.2.0 certifi-2026.7.22 cffi-2.1.1 charset-normalizer-3.5.1 colorama-0.4.6 comm-0.2.3 contourpy-1.4.0 cycler-0.12.1 debugpy-1.8.22 defusedxml-0.7.1 esbmtk-0.14.3.1.post0 et_xmlfile-2.0.0 executing-2.2.1 fastjsonschema-2.22.2 flexcache-0.3 flexparser-0.4 fonttools-4.65.0 fqdn-1.5.1 gsw-3.6.23 h11-0.16.0 httpcore-1.0.9 httpx-0.28.1 idna-3.20 importlib_metadata-9.0.1 ipykernel-7.3.0 ipython-9.17.1 ipython_pygments_lexers-1.1.1 isoduration-20.11.0 jedi-0.20.0 json5-0.15.0 jsonpointer-3.1.1 jsonschema-4.26.0 jsonschema-specifications-2025.9.1 jupyter-events-0.12.1 jupyter-lsp-2.3.1 jupyter_builder-1.2.3 jupyter_client-8.10.0 jupyter_core-5.9.1 jupyter_server-2.21.1 jupyter_server_terminals-0.5.4 jupyterlab-4.6.3 jupyterlab_pygments-0.3.0 jupyterlab_server-2.28.1 kiwisolver-1.5.1 lark-1.3.1 llvmlite-0.49.0 matplotlib-3.11.2 matplotlib-inline-0.2.2 mistune-3.3.4 nbclient-0.11.0 nbconvert-7.17.1 nbformat-5.11.1 nest-asyncio2-1.7.2 notebook_shim-0.2.4 numba-0.67.0 numpy-2.5.3 openpyxl-3.1.5 packaging-26.3 pandas-3.0.6 pandocfilters-1.5.1 parso-0.8.7 pillow-12.3.0 platformdirs-4.11.11 prometheus_client-0.26.0 prompt_toolkit-3.0.53 psutil-7.2.2 pure_eval-0.2.4 pycparser-3.0 pyparsing-3.3.3 python-dateutil-2.9.0.post0 python-json-logger-4.2.0 pywinpty-3.0.5 pyzmq-27.2.0 referencing-0.37.0 requests-2.34.2 rfc3339-validator-0.1.4 rfc3986-validator-0.1.1 rfc3987-syntax-1.1.0 rpds-py-2026.6.3 scipy-1.18.1 setuptools-84.0.0 six-1.17.0 soupsieve-2.9.2 stack-data-0.6.3 terminado-0.18.1 tinycss2-1.5.1 tornado-6.5.10 traitlets-5.16.1 typing_extensions-4.16.0 tzdata-2026.4 uri-template-1.3.0 urllib3-2.8.0 wcwidth-0.8.4 webcolors-25.10.0 webencodings-0.6.1 websocket-client-1.9.2 zipp-4.1.0
